    PID TTY          TIME CMD
   1488 pts/0    00:00:00 bash
   1611 pts/0    00:00:00 su
   1635 pts/0    00:00:00 su
   1639 pts/0    00:00:00 bash
   1764 pts/0    00:00:00 ps
USER         PID %CPU %MEM    VSZ   RSS TTY      STAT START   TIME COMMAND
root           1  0.1  0.9 107848 17696 ?        Ss   08:11   0:02 /usr/lib/systemd/systemd rhgb --switched-root --system --deserialize 31
root           2  0.0  0.0      0     0 ?        S    08:11   0:00 [kthreadd]
root           3  0.0  0.0      0     0 ?        S    08:11   0:00 [pool_workqueue_]
root           4  0.0  0.0      0     0 ?        I<   08:11   0:00 [kworker/R-rcu_g]
root           5  0.0  0.0      0     0 ?        I<   08:11   0:00 [kworker/R-rcu_p]
root           6  0.0  0.0      0     0 ?        I<   08:11   0:00 [kworker/R-slub_]
root           7  0.0  0.0      0     0 ?        I<   08:11   0:00 [kworker/R-netns]
root          10  0.0  0.0      0     0 ?        I    08:11   0:00 [kworker/u4:0-events_unbound]
root          11  0.0  0.0      0     0 ?        I<   08:11   0:00 [kworker/R-mm_pe]
root          13  0.0  0.0      0     0 ?        I    08:11   0:00 [rcu_tasks_kthre]
root          14  0.0  0.0      0     0 ?        I    08:11   0:00 [rcu_tasks_rude_]
root          15  0.0  0.0      0     0 ?        I    08:11   0:00 [rcu_tasks_trace]
root          16  0.0  0.0      0     0 ?        S    08:11   0:00 [ksoftirqd/0]
root          17  0.0  0.0      0     0 ?        I    08:11   0:00 [rcu_preempt]
root          18  0.0  0.0      0     0 ?        S    08:11   0:00 [migration/0]
root          19  0.0  0.0      0     0 ?        S    08:11   0:00 [idle_inject/0]
root          21  0.0  0.0      0     0 ?        S    08:11   0:00 [cpuhp/0]
root          23  0.0  0.0      0     0 ?        S    08:11   0:00 [kdevtmpfs]
root          24  0.0  0.0      0     0 ?        I<   08:11   0:00 [kworker/R-inet_]
root          25  0.0  0.0      0     0 ?        S    08:11   0:00 [kauditd]
root          26  0.0  0.0      0     0 ?        S    08:11   0:00 [khungtaskd]
root          28  0.0  0.0      0     0 ?        S    08:11   0:00 [oom_reaper]
root          29  0.0  0.0      0     0 ?        I<   08:11   0:00 [kworker/R-write]
root          30  0.0  0.0      0     0 ?        S    08:11   0:00 [kcompactd0]
root          31  0.0  0.0      0     0 ?        SN   08:11   0:00 [ksmd]
root          32  0.0  0.0      0     0 ?        SN   08:11   0:00 [khugepaged]
root          33  0.0  0.0      0     0 ?        I<   08:11   0:00 [kworker/R-crypt]
root          34  0.0  0.0      0     0 ?        I<   08:11   0:00 [kworker/R-kinte]
root          35  0.0  0.0      0     0 ?        I<   08:11   0:00 [kworker/R-kbloc]
root          36  0.0  0.0      0     0 ?        I<   08:11   0:00 [kworker/R-blkcg]
root          37  0.0  0.0      0     0 ?        S    08:11   0:00 [irq/9-acpi]
root          38  0.0  0.0      0     0 ?        I<   08:11   0:00 [kworker/R-tpm_d]
root          39  0.0  0.0      0     0 ?        I<   08:11   0:00 [kworker/R-md]
root          40  0.0  0.0      0     0 ?        I<   08:11   0:00 [kworker/R-md_bi]
root          41  0.0  0.0      0     0 ?        I<   08:11   0:00 [kworker/R-edac-]
root          42  0.0  0.0      0     0 ?        S    08:11   0:00 [watchdogd]
root          44  0.0  0.0      0     0 ?        S    08:11   0:00 [kswapd0]
root          49  0.0  0.0      0     0 ?        I<   08:11   0:00 [kworker/R-kthro]
root          54  0.0  0.0      0     0 ?        I<   08:11   0:00 [kworker/R-acpi_]
root          55  0.0  0.0      0     0 ?        I<   08:11   0:00 [kworker/R-kmpat]
root          56  0.0  0.0      0     0 ?        I<   08:11   0:00 [kworker/R-kalua]
root          58  0.0  0.0      0     0 ?        I<   08:11   0:00 [kworker/R-mld]
root          59  0.0  0.0      0     0 ?        I<   08:11   0:00 [kworker/R-ipv6_]
root          68  0.0  0.0      0     0 ?        I<   08:11   0:00 [kworker/R-kstrp]
root         169  0.0  0.0      0     0 ?        I<   08:11   0:00 [kworker/u5:0]
root         375  0.0  0.0      0     0 ?        I<   08:11   0:00 [kworker/R-ata_s]
root         376  0.0  0.0      0     0 ?        S    08:11   0:00 [scsi_eh_0]
root         377  0.0  0.0      0     0 ?        I<   08:11   0:00 [kworker/R-scsi_]
root         378  0.0  0.0      0     0 ?        S    08:11   0:00 [scsi_eh_1]
root         379  0.0  0.0      0     0 ?        I<   08:11   0:00 [kworker/R-scsi_]
root         380  0.0  0.0      0     0 ?        S    08:11   0:00 [scsi_eh_2]
root         381  0.0  0.0      0     0 ?        I<   08:11   0:00 [kworker/R-scsi_]
root         382  0.0  0.0      0     0 ?        I    08:11   0:00 [kworker/u4:4-events_unbound]
root         388  0.0  0.0      0     0 ?        I<   08:11   0:00 [kworker/0:2H-kblockd]
root         394  0.0  0.0      0     0 ?        S    08:11   0:00 [irq/18-vmwgfx]
root         395  0.0  0.0      0     0 ?        I<   08:11   0:00 [kworker/R-ttm]
root         462  0.0  0.0      0     0 ?        I<   08:11   0:00 [kworker/R-kdmfl]
root         469  0.0  0.0      0     0 ?        I<   08:11   0:00 [kworker/R-kdmfl]
root         487  0.0  0.0      0     0 ?        I<   08:11   0:00 [kworker/R-xfsal]
root         488  0.0  0.0      0     0 ?        I<   08:11   0:00 [kworker/R-xfs_m]
root         489  0.0  0.0      0     0 ?        I<   08:11   0:00 [kworker/R-xfs-b]
root         490  0.0  0.0      0     0 ?        I<   08:11   0:00 [kworker/R-xfs-c]
root         491  0.0  0.0      0     0 ?        I<   08:11   0:00 [kworker/R-xfs-r]
root         492  0.0  0.0      0     0 ?        I<   08:11   0:00 [kworker/R-xfs-b]
root         493  0.0  0.0      0     0 ?        I<   08:11   0:00 [kworker/R-xfs-i]
root         494  0.0  0.0      0     0 ?        I<   08:11   0:00 [kworker/R-xfs-l]
root         495  0.0  0.0      0     0 ?        I<   08:11   0:00 [kworker/R-xfs-c]
root         496  0.0  0.0      0     0 ?        S    08:11   0:00 [xfsaild/dm-0]
root         561  0.0  0.5  24032  9472 ?        Ss   08:11   0:00 /usr/lib/systemd/systemd-journald
root         574  0.0  0.6  36392 12356 ?        Ss   08:11   0:00 /usr/lib/systemd/systemd-udevd
root         616  0.0  0.0      0     0 ?        I<   08:11   0:00 [kworker/R-xfs-b]
root         617  0.0  0.0      0     0 ?        I<   08:11   0:00 [kworker/R-xfs-c]
root         618  0.0  0.0      0     0 ?        I<   08:11   0:00 [kworker/R-xfs-r]
root         619  0.0  0.0      0     0 ?        I<   08:11   0:00 [kworker/R-xfs-b]
root         620  0.0  0.0      0     0 ?        I<   08:11   0:00 [kworker/R-xfs-i]
root         621  0.0  0.0      0     0 ?        I<   08:11   0:00 [kworker/R-xfs-l]
root         622  0.0  0.0      0     0 ?        I<   08:11   0:00 [kworker/R-xfs-c]
root         623  0.0  0.0      0     0 ?        S    08:11   0:00 [xfsaild/sda1]
root         637  0.0  0.2  92776  4808 ?        S<sl 08:11   0:00 /sbin/auditd
root         639  0.0  0.1   7828  3456 ?        S<   08:11   0:00 /usr/sbin/sedispatch
dbus         665  0.0  0.2  10836  4864 ?        Ss   08:11   0:00 /usr/bin/dbus-broker-launch --scope system --audit
dbus         666  0.0  0.1   5156  3068 ?        S    08:11   0:00 dbus-broker --log 4 --controller 9 --machine-id 47ef821452c24bb4bb6191f5ed500204 --max-bytes 536870912 --max-fds 4096 --max-matches 131072 --audit
root         669  0.1  2.2 128448 41464 ?        Ssl  08:11   0:01 /usr/bin/python3 -s /usr/sbin/firewalld --nofork --nopid
libstor+     670  0.0  0.1   2704  1920 ?        Ss   08:11   0:00 /usr/bin/lsmd -d
root         671  0.0  0.1   3332  2048 ?        Ss   08:11   0:00 /usr/sbin/mcelog --daemon --foreground
root         672  0.0  0.6  30164 11612 ?        Ss   08:11   0:00 /usr/lib/systemd/systemd-logind
chrony       678  0.0  0.2  84856  4132 ?        S    08:11   0:00 /usr/sbin/chronyd -F 2
root         684  0.0  1.3 258948 23868 ?        Ssl  08:11   0:00 /usr/sbin/NetworkManager --no-daemon
root         714  0.0  0.5  16756  9344 ?        Ss   08:11   0:00 sshd: /usr/sbin/sshd -D [listener] 0 of 10-100 startups
root         717  0.0  1.5 257760 28896 ?        Ssl  08:11   0:01 /usr/bin/python3 -Es /usr/sbin/tuned -l -P
root         725  0.0  0.1   4696  2560 ?        Ss   08:11   0:00 /usr/sbin/atd -f
root         726  0.0  0.1   8576  3584 ?        Ss   08:11   0:00 /usr/sbin/crond -n
root         737  0.0  0.4  17540  8192 ?        Ss   08:11   0:00 login -- root
polkitd      836  0.0  1.5 2578672 27364 ?       Ssl  08:11   0:00 /usr/lib/polkit-1/polkitd --no-debug
root         976  0.0  0.4 161204  8324 ?        Ssl  08:11   0:00 /usr/sbin/rsyslogd -n
root        1442  0.0  0.7  23880 14072 ?        Ss   08:12   0:00 /usr/lib/systemd/systemd --user
root        1444  0.0  0.3 109356  7268 ?        S    08:12   0:00 (sd-pam)
root        1451  0.0  0.3   8692  5504 tty1     Ss+  08:12   0:00 -bash
root        1483  0.0  0.6  20324 11776 ?        Ss   08:12   0:00 sshd: root [priv]
root        1487  0.1  0.3  20324  7200 ?        S    08:12   0:02 sshd: root@pts/0
root        1488  0.0  0.4  18424  8832 pts/0    Ss   08:12   0:00 -bash
root        1528  0.4  0.0      0     0 ?        I    08:18   0:05 [kworker/0:0-events_power_efficient]
root        1565  0.0  0.0      0     0 ?        I<   08:20   0:00 [kworker/0:1H-kblockd]
root        1611  0.0  0.4  20392  7936 pts/0    S    08:23   0:00 su - kulsum
kulsum      1612  0.0  0.3   8708  5504 pts/0    S    08:23   0:00 -bash
root        1635  0.0  0.4  20428  7936 pts/0    S    08:23   0:00 su - root
root        1639  0.0  0.3   8840  5632 pts/0    S    08:23   0:00 -bash
root        1661  0.0  0.0      0     0 ?        I    08:24   0:00 [kworker/u4:1-events_unbound]
root        1688  0.3  0.0      0     0 ?        I    08:29   0:02 [kworker/0:1-mm_percpu_wq]
root        1747  0.3  0.0      0     0 ?        I    08:35   0:00 [kworker/0:2-events]
root        1765  0.0  0.1  10100  3456 pts/0    R+   08:39   0:00 ps aux
17504579 day1.log
17504592 day2.log
17504599 day3.log
17504594 day4.log
               total        used        free      shared  buff/cache   available
Mem:         1817200      360212     1392892        5096      218732     1456988
Swap:        2097148           0     2097148
