Date:
19 Jan 2026

Hostname:
DevOpsEngg

Interface:
enp0s3

IP Address:
192.168.29.187 (Private IP)

Ping google.com:
FAILED – 100% packet loss

Ping 8.8.8.8:
SUCCESS – Network connectivity is working

Curl localhost:
FAILED – Connection refused (no application listening on port 80)

Curl google.com:
SUCCESS – HTTP response received (301 redirect)

Listening Ports:
- SSH (port 22) is active
- No application listening on HTTP port 80

Conclusion:
- Network connectivity is working (ping to IP successful)
- DNS resolution is working (curl google.com successful)
- No web application is running on this server
- Connection refused indicates an application-level issue, not a network issue
