
sshd was running normally; logs show successful startup. Cron was inactive initially and started without errors.
---
[root@DevOpsEngg InfraPilot]# systemctl status sshd
● sshd.service - OpenSSH server daemon
     Loaded: loaded (/usr/lib/systemd/system/sshd.service; disabled; preset>
     Active: active (running) since Fri 2026-01-23 11:40:42 EST; 59s ago
       Docs: man:sshd(8)
             man:sshd_config(5)
   Main PID: 1542 (sshd)
      Tasks: 1 (limit: 11079)
     Memory: 1.4M
        CPU: 35ms
     CGroup: /system.slice/sshd.service
             └─1542 "sshd: /usr/sbin/sshd -D [listener] 0 of 10-100 startup>

Jan 23 11:40:42 DevOpsEngg systemd[1]: Starting OpenSSH server daemon...
Jan 23 11:40:42 DevOpsEngg sshd[1542]: Server listening on 0.0.0.0 port 22.
Jan 23 11:40:42 DevOpsEngg sshd[1542]: Server listening on :: port 22.
Jan 23 11:40:42 DevOpsEngg systemd[1]: Started OpenSSH server daemon.
[root@DevOpsEngg InfraPilot]# journalctl -u sshd -n 20
Jan 23 11:32:29 DevOpsEngg systemd[1]: Starting OpenSSH server daemon...
Jan 23 11:32:30 DevOpsEngg sshd[715]: Server listening on 0.0.0.0 port 22.
Jan 23 11:32:30 DevOpsEngg sshd[715]: Server listening on :: port 22.
Jan 23 11:32:30 DevOpsEngg systemd[1]: Started OpenSSH server daemon.
Jan 23 11:35:28 DevOpsEngg sshd[1483]: Accepted password for root from 192.>
Jan 23 11:35:28 DevOpsEngg sshd[1483]: pam_unix(sshd:session): session open>
Jan 23 11:40:42 DevOpsEngg sshd[715]: Received signal 15; terminating.
Jan 23 11:40:42 DevOpsEngg systemd[1]: Stopping OpenSSH server daemon...
Jan 23 11:40:42 DevOpsEngg systemd[1]: sshd.service: Deactivated successful>
Jan 23 11:40:42 DevOpsEngg systemd[1]: Stopped OpenSSH server daemon.
Jan 23 11:40:42 DevOpsEngg systemd[1]: Starting OpenSSH server daemon...
Jan 23 11:40:42 DevOpsEngg sshd[1542]: Server listening on 0.0.0.0 port 22.
Jan 23 11:40:42 DevOpsEngg sshd[1542]: Server listening on :: port 22.
Jan 23 11:40:42 DevOpsEngg systemd[1]: Started OpenSSH server daemon.
