[2026-02-10 04:58:51]
Hostname : DevOpsEngg 
Uptime :
Disk Usage : 
[2026-02-10 05:00:34]
Hostname : DevOpsEngg 
Uptime :
 05:00:34 up 33 min,  2 users,  load average: 0.00, 0.00, 0.00
Disk Usage : 
Filesystem                Size  Used Avail Use% Mounted on
/dev/mapper/cs_vbox-root   17G  2.0G   15G  12% /
[2026-02-10 05:00:38]
Hostname : DevOpsEngg 
Uptime :
 05:00:38 up 33 min,  2 users,  load average: 0.00, 0.00, 0.00
Disk Usage : 
Filesystem                Size  Used Avail Use% Mounted on
/dev/mapper/cs_vbox-root   17G  2.0G   15G  12% /
[2026-02-10 05:01:25]
Hostname : DevOpsEngg 
Uptime :
 05:01:25 up 34 min,  2 users,  load average: 0.08, 0.03, 0.01
Disk Usage : 
Filesystem                Size  Used Avail Use% Mounted on
/dev/mapper/cs_vbox-root   17G  2.0G   15G  12% /
[2026-02-10 05:03:52]
---------------------------------------------------------------------------------------------------------
Hostname : DevOpsEngg 
Uptime :
 05:03:52 up 36 min,  2 users,  load average: 0.00, 0.01, 0.00
Disk Usage : 
Filesystem                Size  Used Avail Use% Mounted on
/dev/mapper/cs_vbox-root   17G  2.0G   15G  12% /
[2026-02-10 05:04:31]
---------------------------------------------------------------------------------------------------
[2026-02-10 05:06:39]
Hostname : DevOpsEngg 
Uptime :
 05:06:39 up 39 min,  2 users,  load average: 0.00, 0.00, 0.00
Disk Usage : 
Filesystem                Size  Used Avail Use% Mounted on
/dev/mapper/cs_vbox-root   17G  2.0G   15G  12% /
---------------------------------------------------------------------------------------------------------
[2026-02-10 05:06:41]
Hostname : DevOpsEngg 
Uptime :
 05:06:41 up 39 min,  2 users,  load average: 0.00, 0.00, 0.00
Disk Usage : 
Filesystem                Size  Used Avail Use% Mounted on
/dev/mapper/cs_vbox-root   17G  2.0G   15G  12% /
---------------------------------------------------------------------------------------------------------
[2026-02-10 05:06:41]
Hostname : DevOpsEngg 
Uptime :
 05:06:41 up 39 min,  2 users,  load average: 0.00, 0.00, 0.00
Disk Usage : 
Filesystem                Size  Used Avail Use% Mounted on
/dev/mapper/cs_vbox-root   17G  2.0G   15G  12% /
---------------------------------------------------------------------------------------------------------
[2026-02-10 05:06:43]
Hostname : DevOpsEngg 
Uptime :
 05:06:43 up 39 min,  2 users,  load average: 0.00, 0.00, 0.00
Disk Usage : 
Filesystem                Size  Used Avail Use% Mounted on
/dev/mapper/cs_vbox-root   17G  2.0G   15G  12% /
---------------------------------------------------------------------------------------------------------
[2026-02-10 05:06:44]
Hostname : DevOpsEngg 
Uptime :
 05:06:44 up 39 min,  2 users,  load average: 0.00, 0.00, 0.00
Disk Usage : 
Filesystem                Size  Used Avail Use% Mounted on
/dev/mapper/cs_vbox-root   17G  2.0G   15G  12% /
---------------------------------------------------------------------------------------------------------
[2026-02-10 05:06:44]
Hostname : DevOpsEngg 
Uptime :
 05:06:44 up 39 min,  2 users,  load average: 0.00, 0.00, 0.00
Disk Usage : 
Filesystem                Size  Used Avail Use% Mounted on
/dev/mapper/cs_vbox-root   17G  2.0G   15G  12% /
---------------------------------------------------------------------------------------------------------
[2026-02-10 05:06:45]
Hostname : DevOpsEngg 
Uptime :
 05:06:45 up 39 min,  2 users,  load average: 0.00, 0.00, 0.00
Disk Usage : 
Filesystem                Size  Used Avail Use% Mounted on
/dev/mapper/cs_vbox-root   17G  2.0G   15G  12% /
---------------------------------------------------------------------------------------------------------
[2026-02-10 05:10:35] Disk Usage is Normal : 12%
-------------------------------------------------------------------------------------------
[2026-02-10 05:10:39] Disk Usage is Normal : 12%
-------------------------------------------------------------------------------------------
[2026-02-10 05:10:41] Disk Usage is Normal : 12%
-------------------------------------------------------------------------------------------
 -------------------------------- D I S K   U S A G E ------------------------------------
[2026-02-10 05:12:01] Disk Usage is Normal : 12%
-------------------------------------------------------------------------------------------
-------------------------------- S Y S T E M   I N F O ---------------------------------------
[2026-02-10 05:13:42]
Hostname : DevOpsEngg 
Uptime :
 05:13:42 up 46 min,  2 users,  load average: 0.00, 0.00, 0.00
Disk Usage : 
Filesystem                Size  Used Avail Use% Mounted on
/dev/mapper/cs_vbox-root   17G  2.0G   15G  12% /
-----------------------------------------------------------------------------------------------
 -------------------------------- D I S K   U S A G E ------------------------------------
[2026-02-10 05:13:47] Disk Usage is Normal : 12%
-------------------------------------------------------------------------------------------
-------------------------------- S Y S T E M   I N F O ---------------------------------------
[2026-02-10 05:17:28]
Hostname : DevOpsEngg 
Uptime :
 05:17:28 up 50 min,  2 users,  load average: 0.00, 0.00, 0.00
Disk Usage : 
Filesystem                Size  Used Avail Use% Mounted on
/dev/mapper/cs_vbox-root   17G  2.0G   15G  12% /
-----------------------------------------------------------------------------------------------
-------------------------------- S Y S T E M   I N F O ---------------------------------------
[2026-02-10 05:18:05]
Hostname : DevOpsEngg 
Uptime :
 05:18:05 up 50 min,  2 users,  load average: 0.00, 0.00, 0.00
Disk Usage : 
Filesystem                Size  Used Avail Use% Mounted on
/dev/mapper/cs_vbox-root   17G  2.0G   15G  12% /
-----------------------------------------------------------------------------------------------
\n
-------------------------------- S Y S T E M   I N F O ---------------------------------------
\n
[2026-02-10 05:18:40]
Hostname : DevOpsEngg 
\n
Uptime :
 05:18:41 up 51 min,  2 users,  load average: 0.00, 0.00, 0.00
\n
Disk Usage : 
Filesystem                Size  Used Avail Use% Mounted on
/dev/mapper/cs_vbox-root   17G  2.0G   15G  12% /
\n
-----------------------------------------------------------------------------------------------
\n
-------------------------------- S Y S T E M   I N F O ---------------------------------------\n
[2026-02-10 05:20:54]
Hostname : DevOpsEngg 
Uptime :\n
 05:20:54 up 53 min,  2 users,  load average: 0.00, 0.00, 0.00
Disk Usage : \n
Filesystem                Size  Used Avail Use% Mounted on
/dev/mapper/cs_vbox-root   17G  2.0G   15G  12% /
\n-----------------------------------------------------------------------------------------------\n
-------------------------------- S Y S T E M   I N F O ---------------------------------------

[2026-02-10 05:22:44]
Hostname : DevOpsEngg 
Uptime :

 05:22:44 up 55 min,  2 users,  load average: 0.00, 0.00, 0.00
Disk Usage : 

Filesystem                Size  Used Avail Use% Mounted on
/dev/mapper/cs_vbox-root   17G  2.0G   15G  12% /

-----------------------------------------------------------------------------------------------


-------------------------------- S Y S T E M   I N F O ---------------------------------------

[2026-02-10 05:23:10]
Hostname : DevOpsEngg 
Uptime :

 05:23:10 up 55 min,  2 users,  load average: 0.00, 0.00, 0.00
Disk Usage : 

Filesystem                Size  Used Avail Use% Mounted on
/dev/mapper/cs_vbox-root   17G  2.0G   15G  12% /

-----------------------------------------------------------------------------------------------


-------------------------------- S Y S T E M   I N F O ---------------------------------------

[2026-02-10 05:24:01]
Hostname : DevOpsEngg 

Uptime :

 05:24:02 up 56 min,  2 users,  load average: 0.00, 0.00, 0.00

Disk Usage : 

Filesystem                Size  Used Avail Use% Mounted on
/dev/mapper/cs_vbox-root   17G  2.0G   15G  12% /

-----------------------------------------------------------------------------------------------


-------------------------------- S Y S T E M   I N F O ---------------------------------------

[2026-02-10 05:24:21]\n
Hostname : DevOpsEngg 

Uptime :

 05:24:21 up 57 min,  2 users,  load average: 0.00, 0.00, 0.00

Disk Usage : 

Filesystem                Size  Used Avail Use% Mounted on
/dev/mapper/cs_vbox-root   17G  2.0G   15G  12% /

-----------------------------------------------------------------------------------------------


-------------------------------- S Y S T E M   I N F O ---------------------------------------

[2026-02-10 05:25:58]

Hostname : DevOpsEngg 

Uptime :

 05:25:58 up 58 min,  2 users,  load average: 0.00, 0.00, 0.00

Disk Usage : 

Filesystem                Size  Used Avail Use% Mounted on
/dev/mapper/cs_vbox-root   17G  2.0G   15G  12% /

-----------------------------------------------------------------------------------------------

 
-------------------------------- D I S K   U S A G E ------------------------------------

[2026-02-10 07:52:24] Disk Usage is Normal : 12%

-------------------------------------------------------------------------------------------

 
-------------------------------- D I S K   U S A G E ------------------------------------------

[2026-02-10 07:53:12] Disk Usage is Normal : 12%

------------------------------------------------------------------------------------------------


-------------------------------- S Y S T E M   I N F O ---------------------------------------

[2026-02-10 07:53:55]

Hostname : DevOpsEngg 

Uptime :

 07:53:55 up  3:26,  2 users,  load average: 0.05, 0.08, 0.03

Disk Usage : 

Filesystem                Size  Used Avail Use% Mounted on
/dev/mapper/cs_vbox-root   17G  2.0G   15G  12% /

-----------------------------------------------------------------------------------------------

 
-------------------------------- D I S K   U S A G E ------------------------------------------

[2026-02-10 07:53:58] Disk Usage is Normal : 12%

-----------------------------------------------------------------------------------------------


 ---------------------------- C P U   U S A G E   C H E C K ---------------------

CPU usage is within safe limits ( 0%)
/n----------------------------------------------------------------------------------


Top CPU-consuming processes:

    PID COMMAND         %CPU
   2096 kworker/0:3-eve  0.7
   2135 kworker/0:0-ata  0.5
   2042 kworker/0:2-eve  0.2
      1 systemd          0.0
      2 kthreadd         0.0
      3 pool_workqueue_  0.0
      4 kworker/R-rcu_g  0.0
      5 kworker/R-rcu_p  0.0
      6 kworker/R-slub_  0.0

-------------------------------- S Y S T E M   I N F O ---------------------------------------

[2026-02-10 08:03:09]

Hostname : DevOpsEngg 

Uptime :

 08:03:09 up  3:35,  2 users,  load average: 0.03, 0.07, 0.02

Disk Usage : 

Filesystem                Size  Used Avail Use% Mounted on
/dev/mapper/cs_vbox-root   17G  2.0G   15G  12% /

-----------------------------------------------------------------------------------------------

 
-------------------------------- D I S K   U S A G E ------------------------------------------

[2026-02-10 08:03:17] Disk Usage is Normal : 12%

-----------------------------------------------------------------------------------------------


-------------------------------- S Y S T E M   I N F O ----------------------------------------

[2026-02-10 08:05:17]

Hostname : DevOpsEngg 

Uptime :

 08:05:17 up  3:38,  2 users,  load average: 0.00, 0.04, 0.01

Disk Usage : 

Filesystem                Size  Used Avail Use% Mounted on
/dev/mapper/cs_vbox-root   17G  2.0G   15G  12% /

-----------------------------------------------------------------------------------------------

 
-------------------------------- D I S K   U S A G E ------------------------------------------

[2026-02-10 08:05:21] Disk Usage is Normal : 12%

-----------------------------------------------------------------------------------------------


 ---------------------------- C P U   U S A G E   C H E C K -----------------------------------

CPU usage is within safe limits ( 0%)
/n------------------------------------------------------------------------------------------------


Top CPU-consuming processes:

    PID COMMAND         %CPU
   2096 kworker/0:3-eve  0.6
   2135 kworker/0:0-ata  0.6
   2042 kworker/0:2-eve  0.2
      1 systemd          0.0
      2 kthreadd         0.0
      3 pool_workqueue_  0.0
      4 kworker/R-rcu_g  0.0
      5 kworker/R-rcu_p  0.0
      6 kworker/R-slub_  0.0

 ---------------------------- C P U   U S A G E   C H E C K -----------------------------------

CPU usage is within safe limits ( 0%)

------------------------------------------------------------------------------------------------


Top CPU-consuming processes:

    PID COMMAND         %CPU
   2096 kworker/0:3-eve  0.6
   2135 kworker/0:0-eve  0.6
   2232 kworker/0:1-ata  0.5
      1 systemd          0.0
      2 kthreadd         0.0
      3 pool_workqueue_  0.0
      4 kworker/R-rcu_g  0.0
      5 kworker/R-rcu_p  0.0
      6 kworker/R-slub_  0.0

 ---------------------------- C P U   U S A G E   C H E C K -----------------------------------

CPU usage is within safe limits ( 0%)

-----------------------------------------------------------------------------------------------


Top CPU-consuming processes:

    PID COMMAND         %CPU
   2096 kworker/0:3-eve  0.6
   2232 kworker/0:1-eve  0.6
   2135 kworker/0:0-eve  0.5
      1 systemd          0.0
      2 kthreadd         0.0
      3 pool_workqueue_  0.0
      4 kworker/R-rcu_g  0.0
      5 kworker/R-rcu_p  0.0
      6 kworker/R-slub_  0.0

-------------------------------- S Y S T E M   I N F O ----------------------------------------

[2026-02-10 08:07:04]

Hostname : DevOpsEngg 

Uptime :

 08:07:04 up  3:39,  2 users,  load average: 0.02, 0.03, 0.01

Disk Usage : 

Filesystem                Size  Used Avail Use% Mounted on
/dev/mapper/cs_vbox-root   17G  2.0G   15G  12% /

-----------------------------------------------------------------------------------------------


 ---------------------------- C P U   U S A G E   C H E C K -----------------------------------

CPU usage is within safe limits ( 7%)

-----------------------------------------------------------------------------------------------


Top CPU-consuming processes:

    PID COMMAND         %CPU
   2257 cpu_monitor.sh   7.0
   2096 kworker/0:3-eve  0.6
   2232 kworker/0:1-mm_  0.6
   2135 kworker/0:0-eve  0.5
      1 systemd          0.0
      2 kthreadd         0.0
      3 pool_workqueue_  0.0
      4 kworker/R-rcu_g  0.0
      5 kworker/R-rcu_p  0.0

 ---------------------------- C P U   U S A G E   C H E C K -----------------------------------


 [2026-02-10 08:08:27]

CPU usage is within safe limits ( 0%)

-----------------------------------------------------------------------------------------------


Top CPU-consuming processes:

date,pid,comm,COMMAND        pu
date,pid,comm,kworker/0:1-evepu
date,pid,comm,kworker/0:3-evepu
date,pid,comm,kworker/0:0-evepu
date,pid,comm,systemd        pu
date,pid,comm,kthreadd       pu
date,pid,comm,pool_workqueue_pu
date,pid,comm,kworker/R-rcu_gpu
date,pid,comm,kworker/R-rcu_ppu
date,pid,comm,kworker/R-slub_pu

-------------------------------- S Y S T E M   I N F O ----------------------------------------

[2026-02-10 08:13:20]

Hostname : DevOpsEngg 

Uptime :

 08:13:20 up  3:46,  2 users,  load average: 0.00, 0.00, 0.00

Disk Usage : 

Filesystem                Size  Used Avail Use% Mounted on
/dev/mapper/cs_vbox-root   17G  2.0G   15G  12% /

-----------------------------------------------------------------------------------------------

 
-------------------------------- D I S K   U S A G E ------------------------------------------

[2026-02-10 08:13:27] Disk Usage is Normal : 12%

-----------------------------------------------------------------------------------------------


 ---------------------------- C P U   U S A G E   C H E C K -----------------------------------


 [2026-02-10 08:13:30]

CPU usage is within safe limits ( 0%)

-----------------------------------------------------------------------------------------------


Top CPU-consuming processes:
 [2026-02-10 08:13:30] 
 
    PID COMMAND         %CPU
   2232 kworker/0:1-eve  0.5
   2135 kworker/0:0-eve  0.4
   2278 kworker/0:2-ata  0.4
      1 systemd          0.0
      2 kthreadd         0.0
      3 pool_workqueue_  0.0
      4 kworker/R-rcu_g  0.0
      5 kworker/R-rcu_p  0.0
      6 kworker/R-slub_  0.0
